// Jest Snapshot v1, https://goo.gl/fbAQLP

exports[`Account Form Modal Takes a snapshot 1`] = `<DocumentFragment />`;
