// Jest Snapshot v1, https://goo.gl/fbAQLP

exports[`TransactionGrid Takes a snapshot 1`] = `
<DocumentFragment>
  <div
    class="react-bootstrap-table"
  >
    <table
      class="table table-striped table-bordered table-condensed"
    >
      <thead>
        <tr>
          <th
            style="width: 15%; text-align: center;"
            tabindex="0"
          >
            Date
          </th>
          <th
            style="width: 25%;"
            tabindex="0"
          >
            Description
          </th>
          <th
            style="width: 15%;"
            tabindex="0"
          >
            Category
          </th>
          <th
            style="width: 15%; text-align: right;"
            tabindex="0"
          >
            Debit
          </th>
          <th
            style="width: 15%; text-align: right;"
            tabindex="0"
          >
            Credit
          </th>
          <th
            style="width: 15%; text-align: right;"
            tabindex="0"
          >
            Balance
          </th>
        </tr>
      </thead>
    </table>
  </div>
</DocumentFragment>
`;
